!

!	Stuff to try and crash it
	Stuff to try and crash it
!

!foo:	.MACRO	
!	HI
!bar:	.MACRO	
!	THERE
!	bar
!	.ENDM	
!
!
!	.ENDM
!	foo
!	HI
	HI
!bar:	.MACRO	
!	THERE
!	bar
!	.ENDM	
!

!

!	foo
!	HI
	HI
!bar:	.MACRO	
!	THERE
!	bar
!	.ENDM	
!

!

!	foo
!	HI
	HI
!bar:	.MACRO	
!	THERE
!	bar
!	.ENDM	
!

!

!	foo
!	HI
	HI
!bar:	.MACRO	
!	THERE
!	bar
!	.ENDM	
!

!

!	foo
!	HI
	HI
!bar:	.MACRO	
!	THERE
!	bar
!	.ENDM	
!

!

!	bar
!	THERE
	THERE
!	bar
!	THERE
	THERE
!	bar
!	THERE
	THERE
!	bar
!	THERE
	THERE
!	bar
!	THERE
	THERE
!	bar
!	THERE
	THERE
!	bar
!	THERE
	THERE
!	bar
!	THERE
	THERE
!	bar
!	THERE
	THERE
!	bar
!	THERE
	THERE
!	bar
!	THERE
	THERE
!	bar
!	THERE
	THERE
!	bar
!	THERE
	THERE
!	bar
!	THERE
	THERE
!	bar
!	THERE
	THERE
!	bar
!	THERE
	THERE
!	bar
!	THERE
	THERE
!	bar
!	THERE
	THERE
!	bar
!	THERE
	THERE
!	bar
!	THERE
	THERE
!	bar
!	THERE
	THERE
!	bar
!	THERE
	THERE
!	bar
!	THERE
	THERE
!	bar
!	THERE
	THERE
!	bar
!	THERE
	THERE
!	bar
!	THERE
	THERE
!	bar
!	THERE
	THERE
!	bar
!	THERE
	THERE
!	bar
!	THERE
	THERE
!	bar
!	THERE
	THERE
!	bar
!	THERE
	THERE
!	bar
!	THERE
	THERE
!	bar
!	THERE
	THERE
!	bar
!	THERE
	THERE
!	bar
!	THERE
	THERE
!	bar
!	THERE
	THERE
!	bar
!	THERE
	THERE
!	bar
!	THERE
	THERE
!	bar
!	THERE
	THERE
!	bar
!	THERE
	THERE
!	bar
!	THERE
	THERE
!	bar
!	THERE
	THERE
!	bar
!	THERE
	THERE
!	bar
!	THERE
	THERE
!	bar
!	THERE
	THERE
!	bar
!	THERE
	THERE
!	bar
!	THERE
	THERE
!	bar
!	THERE
	THERE
!	bar
!	THERE
	THERE
!	bar
!	THERE
	THERE
!	bar
!	THERE
	THERE
!	bar
!	THERE
	THERE
!	bar
!	THERE
	THERE
!	bar
!	THERE
	THERE
!	bar
!	THERE
	THERE
!	bar
!	THERE
	THERE
!	bar
!	THERE
	THERE
!	bar
!	THERE
	THERE
!	bar
!	THERE
	THERE
!	bar
!	THERE
	THERE
!	bar
!	THERE
	THERE
!	bar
!	THERE
	THERE
!	bar
!	THERE
	THERE
!	bar
!	THERE
	THERE
!	bar
!	THERE
	THERE
!	bar
!	THERE
	THERE
!	bar
!	THERE
	THERE
!	bar
!	THERE
	THERE
!	bar
!	THERE
	THERE
!	bar
!	THERE
	THERE
!	bar
!	THERE
	THERE
!	bar
!	THERE
	THERE
!	bar
!	THERE
	THERE
!	bar
!	THERE
	THERE
!	bar
!	THERE
	THERE
!	bar
!	THERE
	THERE
!	bar
!	THERE
	THERE
!	bar
!	THERE
	THERE
!	bar
!	THERE
	THERE
!	bar
!	THERE
	THERE
!	bar
!	THERE
	THERE
!	bar
!	THERE
	THERE
!	bar
!	THERE
	THERE
!	bar
!	THERE
	THERE
!	bar
!	THERE
	THERE
!	bar
!	THERE
	THERE
!	bar
!	THERE
	THERE
!	bar
!	THERE
	THERE
!	bar
!	THERE
	THERE
!	bar
!	THERE
	THERE
!	bar
!	THERE
	THERE
!	bar
!	THERE
	THERE
!	bar
!	THERE
	THERE
!	bar
!	THERE
	THERE
!	bar
!	THERE
	THERE
!	bar
!	THERE
	THERE
!	bar
!	THERE
	THERE
!	bar
!	THERE
	THERE
!	bar
!	THERE
	THERE
!	bar
!	THERE
	THERE
!	bar
!	THERE
	THERE
!	bar
!	THERE
	THERE
!	bar
!	THERE
	THERE
!	bar
!	THERE
	THERE
!	bar
!	THERE
	THERE
!	bar
!	THERE
	THERE
!	bar
!	THERE
	THERE
!	bar
!	THERE
	THERE
!	bar
!	THERE
	THERE
!	bar
!	THERE
	THERE
!	bar
!	THERE
	THERE
!	bar
!	THERE
	THERE
!	bar
!	THERE
	THERE
!	bar
!	THERE
	THERE
!	bar
!	THERE
	THERE
!	bar
!	THERE
	THERE
!	bar
!	THERE
	THERE
!	bar
!	THERE
	THERE
!	bar
!	THERE
	THERE
!	bar
!	THERE
	THERE
!	bar
!	THERE
	THERE
!	bar
!	THERE
	THERE
!	bar
!	THERE
	THERE
!	bar
!	THERE
	THERE
!	bar
!	THERE
	THERE
!	bar
!	THERE
	THERE
!	bar
!	THERE
	THERE
!	bar
!	THERE
	THERE
!	bar
!	THERE
	THERE
!	bar
!	THERE
	THERE
!	bar
!	THERE
	THERE
!	bar
!	THERE
	THERE
!	bar
!	THERE
	THERE
!	bar
!	THERE
	THERE
!	bar
!	THERE
	THERE
!	bar
!	THERE
	THERE
!	bar
!	THERE
	THERE
!	bar
!	THERE
	THERE
!	bar
!	THERE
	THERE
!	bar
!	THERE
	THERE
!	bar
!	THERE
	THERE
!	bar
!	THERE
	THERE
!	bar
!	THERE
	THERE
!	bar
!	THERE
	THERE
!	bar
!	THERE
	THERE
!	bar
!	THERE
	THERE
!	bar
!	THERE
	THERE
!	bar
!	THERE
	THERE
!	bar
!	THERE
	THERE
!	bar
!	THERE
	THERE
!	bar
!	THERE
	THERE
!	bar
!	THERE
	THERE
!	bar
!	THERE
	THERE
!	bar
!	THERE
	THERE
!	bar
!	THERE
	THERE
!	bar
!	THERE
	THERE
!	bar
!	THERE
	THERE
!	bar
!	THERE
	THERE
!	bar
!	THERE
	THERE
!	bar
!	THERE
	THERE
!	bar
!	THERE
	THERE
!	bar
!	THERE
	THERE
!	bar
!	THERE
	THERE
!	bar
!	THERE
	THERE
!	bar
!	THERE
	THERE
!	bar
!	THERE
	THERE
!	bar
!	THERE
	THERE
!	bar
!	THERE
	THERE
!	bar
!	THERE
	THERE
!	bar
!	THERE
	THERE
!	bar
!	THERE
	THERE
!	bar
!	THERE
	THERE
!	bar
!	THERE
	THERE
!	bar
!	THERE
	THERE
!	bar
!	THERE
	THERE
!	bar
!	THERE
	THERE
!	bar
!	THERE
	THERE
!	bar
!	THERE
	THERE
!	bar
!	THERE
	THERE
!	bar
!	THERE
	THERE
!	bar
!	THERE
	THERE
!	bar
!	THERE
	THERE
!	bar
!	THERE
	THERE
!	bar
!	THERE
	THERE
!	bar
!	THERE
	THERE
!	bar
!	THERE
	THERE
!	bar
!	THERE
	THERE
!	bar
!	THERE
	THERE
!	bar
!	THERE
	THERE
!	bar
!	THERE
	THERE
!	bar
!	THERE
	THERE
!	bar
!	THERE
	THERE
!	bar
!	THERE
	THERE
!	bar
!	THERE
	THERE
!	bar
!	THERE
	THERE
!	bar
!	THERE
	THERE
!	bar
!	THERE
	THERE
!	bar
!	THERE
	THERE
!	bar
!	THERE
	THERE
!	bar
!	THERE
	THERE
!	bar
!	THERE
	THERE
!	bar
!	THERE
	THERE
!	bar
!	THERE
	THERE
!	bar
!	THERE
	THERE
!	bar
!	THERE
	THERE
!	bar
!	THERE
	THERE
!	bar
!	THERE
	THERE
!	bar
!	THERE
	THERE
!	bar
!	THERE
	THERE
!	bar
!	THERE
	THERE
!	bar
!	THERE
	THERE
!	bar
!	THERE
	THERE
!	bar
!	THERE
	THERE
!	bar
!	THERE
	THERE
!	bar
!	THERE
	THERE
!	bar
!	THERE
	THERE
!	bar
!	THERE
	THERE
!	bar
!	THERE
	THERE
!	bar
!	THERE
	THERE
!	bar
!	THERE
	THERE
!	bar
!	THERE
	THERE
!	bar
!	THERE
	THERE
!	bar
!	THERE
	THERE
!	bar
!	THERE
	THERE
!	bar
!	THERE
	THERE
!	bar
!	THERE
	THERE
!	bar
!	THERE
	THERE
!	bar
!	THERE
	THERE
!	bar
!	THERE
	THERE
!	bar
!	THERE
	THERE
!	bar
!	THERE
	THERE
!	bar
!	THERE
	THERE
!	bar
!	THERE
	THERE
!	bar
!	THERE
	THERE
!	bar
!	THERE
	THERE
!	bar
!	THERE
	THERE
!	bar
!	THERE
	THERE
!	bar
!	THERE
	THERE
!	bar
!	THERE
	THERE
!	bar
!	THERE
	THERE
!	bar
!	THERE
	THERE
!	bar
!	THERE
	THERE
!	bar
!	THERE
	THERE
!	bar
!	THERE
	THERE
!	bar
!	THERE
	THERE
!	bar
!	THERE
	THERE
!	bar
!	THERE
	THERE
!	bar
!	THERE
	THERE
!	bar
!	THERE
	THERE
!	bar
!	THERE
	THERE
!	bar
!	THERE
	THERE
!	bar
!	THERE
	THERE
!	bar
!	THERE
	THERE
!	bar
!	THERE
	THERE
!	bar
!	THERE
	THERE
!	bar
!	THERE
	THERE
!	bar
!	THERE
	THERE
!	bar
!	THERE
	THERE
!	bar
!	THERE
	THERE
!	bar
!	THERE
	THERE
!	bar
!	THERE
	THERE
!	bar
!	THERE
	THERE
!	bar
!	THERE
	THERE
!	bar
!	THERE
	THERE
!	bar
!	THERE
	THERE
!	bar
!	THERE
	THERE
!	bar
!	THERE
	THERE
!	bar
!	THERE
	THERE
!	bar
!	THERE
	THERE
!	bar
!	THERE
	THERE
!	bar
!	THERE
	THERE
!	bar
!	THERE
	THERE
!	bar
!	THERE
	THERE
!	bar
!	THERE
	THERE
!	bar
!	THERE
	THERE
!	bar
!	THERE
	THERE
!	bar
!	THERE
	THERE
!	bar
!	THERE
	THERE
!	bar
!	THERE
	THERE
!	bar
!	THERE
	THERE
!	bar
!	THERE
	THERE
!	bar
!	THERE
	THERE
!	bar
!	THERE
	THERE
!	bar
!	THERE
	THERE
!	bar
!	THERE
	THERE
!	bar
!	THERE
	THERE
!	bar
!	THERE
	THERE
!	bar
!	THERE
	THERE
!	bar
!	THERE
	THERE
!	bar
!	THERE
	THERE
!	bar
!	THERE
	THERE
!	bar
!	THERE
	THERE
!	bar
!	THERE
	THERE
!	bar
!	THERE
	THERE
!	bar
!	THERE
	THERE
!	bar
!	THERE
	THERE
!	bar
!	THERE
	THERE
!	bar
!	THERE
	THERE
!	bar
!	THERE
	THERE
!	bar
!	THERE
	THERE
!	bar
!	THERE
	THERE
!	bar
!	THERE
	THERE
!	bar
!	THERE
	THERE
!	bar
!	THERE
	THERE
!	bar
!	THERE
	THERE
!	bar
!	THERE
	THERE
!	bar
!	THERE
	THERE
!	bar
!	THERE
	THERE
!	bar
!	THERE
	THERE
!	bar
!	THERE
	THERE
!	bar
!	THERE
	THERE
!	bar
!	THERE
	THERE
!	bar
!	THERE
	THERE
!	bar
!	THERE
	THERE
!	bar
!	THERE
	THERE
!	bar
!	THERE
	THERE
!	bar
!	THERE
	THERE
!	bar
!	THERE
	THERE
!	bar
!	THERE
	THERE
!	bar
!	THERE
	THERE
!	bar
!	THERE
	THERE
!	bar
!	THERE
	THERE
!	bar
!	THERE
	THERE
!	bar
!	THERE
	THERE
!	bar
!	THERE
	THERE
!	bar
!	THERE
	THERE
!	bar
!	THERE
	THERE
!	bar
!	THERE
	THERE
!	bar
!	THERE
	THERE
!	bar
!	THERE
	THERE
!	bar
!	THERE
	THERE
!	bar
!	THERE
	THERE
!	bar
!	THERE
	THERE
!	bar
!	THERE
	THERE
!	bar
!	THERE
	THERE
!	bar
!	THERE
	THERE
!	bar
!	THERE
	THERE
!	bar
!	THERE
	THERE
!	bar
!	THERE
	THERE
!	bar
!	THERE
	THERE
!	bar
!	THERE
	THERE
!	bar
!	THERE
	THERE
!	bar
!	THERE
	THERE
!	bar
!	THERE
	THERE
!	bar
!	THERE
	THERE
!	bar
!	THERE
	THERE
!	bar
!	THERE
	THERE
!	bar
!	THERE
	THERE
!	bar
!	THERE
	THERE
!	bar
!	THERE
	THERE
!	bar
!	THERE
	THERE
!	bar
!	THERE
	THERE
!	bar
!	THERE
	THERE
!	bar
!	THERE
	THERE
!	bar
!	THERE
	THERE
!	bar
!	THERE
	THERE
!	bar
!	THERE
	THERE
!	bar
!	THERE
	THERE
!	bar
!	THERE
	THERE
!	bar
!	THERE
	THERE
!	bar
!	THERE
	THERE
!	bar
!	THERE
	THERE
!	bar
!	THERE
	THERE
!	bar
!	THERE
	THERE
!	bar
!	THERE
	THERE
!	bar
!	THERE
	THERE
!	bar
!	THERE
	THERE
!	bar
!	THERE
	THERE
!	bar
!	THERE
	THERE
!	bar
!	THERE
	THERE
!	bar
!	THERE
	THERE
!	bar
!	THERE
	THERE
!	bar
!	THERE
	THERE
!	bar
!	THERE
	THERE
!	bar
!	THERE
	THERE
!	bar
!	THERE
	THERE
!	bar
!	THERE
	THERE
!	bar
!	THERE
	THERE
!	bar
!	THERE
	THERE
!	bar
!	THERE
	THERE
!	bar
!	THERE
	THERE
!	bar
!	THERE
	THERE
!	bar
!	THERE
	THERE
!	bar
!	THERE
	THERE
!	bar
!	THERE
	THERE
!	bar
!	THERE
	THERE
!	bar
!	THERE
	THERE
!	bar
!	THERE
	THERE
!	bar
!	THERE
	THERE
!	bar
!	THERE
	THERE
!	bar
!	THERE
	THERE
!	bar
!	THERE
	THERE
!	bar
!	THERE
	THERE
!	bar
!	THERE
	THERE
!	bar
!	THERE
	THERE
!	bar
!	THERE
	THERE
!	bar
!	THERE
	THERE
!	bar
!	THERE
	THERE
!	bar
!	THERE
	THERE
!	bar
!	THERE
	THERE
!	bar
!	THERE
	THERE
!	bar
!	THERE
	THERE
!	bar
!	THERE
	THERE
!	bar
!	THERE
	THERE
!	bar
!	THERE
	THERE
!	bar
!	THERE
	THERE
!	bar
!	THERE
	THERE
!	bar
!	THERE
	THERE
!	bar
!	THERE
	THERE
!	bar
!	THERE
	THERE
!	bar
!	THERE
	THERE
!	bar
!	THERE
	THERE
!	bar
!	THERE
	THERE
!	bar
!	THERE
	THERE
!	bar
!	THERE
	THERE
!	bar
!	THERE
	THERE
!	bar
!	THERE
	THERE
!	bar
!	THERE
	THERE
!	bar
!	THERE
	THERE
!	bar
!	THERE
	THERE
!	bar
!	THERE
	THERE
!	bar
!	THERE
	THERE
!	bar
!	THERE
	THERE
!	bar
!	THERE
	THERE
!	bar
!	THERE
	THERE
!	bar
!	THERE
	THERE
!	bar
!	THERE
	THERE
!	bar
!	THERE
	THERE
!	bar
!	THERE
	THERE
!	bar
!	THERE
	THERE
!	bar
!	THERE
	THERE
!	bar
!	THERE
	THERE
!	bar
!	THERE
	THERE
!	bar
!	THERE
	THERE
!	bar
!	THERE
	THERE
!	bar
!	THERE
	THERE
!	bar
!	THERE
	THERE
!	bar
!	THERE
	THERE
!	bar
!	THERE
	THERE
!	bar
!	THERE
	THERE
!	bar
!	THERE
	THERE
!	bar
!	THERE
	THERE
!	bar
!	THERE
	THERE
!	bar
!	THERE
	THERE
!	bar
!	THERE
	THERE
!	bar
!	THERE
	THERE
!	bar
!	THERE
	THERE
!	bar
!	THERE
	THERE
!	bar
!	THERE
	THERE
!	bar
!	THERE
	THERE
!	bar
!	THERE
	THERE
!	bar
!	THERE
	THERE
!	bar
!	THERE
	THERE
!	bar
!	THERE
	THERE
!	bar
!	THERE
	THERE
!	bar
!	THERE
	THERE
!	bar
!	THERE
	THERE
!	bar
!	THERE
	THERE
!	bar
!	THERE
	THERE
!	bar
!	THERE
	THERE
!	bar
!	THERE
	THERE
!	bar
!	THERE
	THERE
!	bar
!	THERE
	THERE
!	bar
!	THERE
	THERE
!	bar
!	THERE
	THERE
!	bar
!	THERE
	THERE
!	bar
!	THERE
	THERE
!	bar
!	THERE
	THERE
!	bar
!	THERE
	THERE
!	bar
!	THERE
	THERE
!	bar
!	THERE
	THERE
!	bar
!	THERE
	THERE
!	bar
!	THERE
	THERE
!	bar
!	THERE
	THERE
!	bar
!	THERE
	THERE
!	bar
!	THERE
	THERE
!	bar
!	THERE
	THERE
!	bar
!	THERE
	THERE
!	bar
!	THERE
	THERE
!	bar
!	THERE
	THERE
!	bar
!	THERE
	THERE
!	bar
!	THERE
	THERE
!	bar
!	THERE
	THERE
!	bar
!	THERE
	THERE
!	bar
!	THERE
	THERE
!	bar
!	THERE
	THERE
!	bar
!	THERE
	THERE
!	bar
!	THERE
	THERE
!	bar
!	THERE
	THERE
!	bar
!	THERE
	THERE
!	bar
!	THERE
	THERE
!	bar
!	THERE
	THERE
!	bar
!	THERE
	THERE
!	bar
!	THERE
	THERE
!	bar
!	THERE
	THERE
!	bar
!	THERE
	THERE
!	bar
!	THERE
	THERE
!	bar
!	THERE
	THERE
!	bar
!	THERE
	THERE
!	bar
!	THERE
	THERE
!	bar
!	THERE
	THERE
!	bar
!	THERE
	THERE
!	bar
!	THERE
	THERE
!	bar
!	THERE
	THERE
!	bar
!	THERE
	THERE
!	bar
!	THERE
	THERE
!	bar
!	THERE
	THERE
!	bar
!	THERE
	THERE
!	bar
!	THERE
	THERE
!	bar
!	THERE
	THERE
!	bar
!	THERE
	THERE
!	bar
!	THERE
	THERE
!	bar
!	THERE
	THERE
!	bar
!	THERE
	THERE
!	bar
!	THERE
	THERE
!	bar
!	THERE
	THERE
!	bar
!	THERE
	THERE
!	bar
!	THERE
	THERE
!	bar
!	THERE
	THERE
!	bar
!	THERE
	THERE
!	bar
!	THERE
	THERE
!	bar
!	THERE
	THERE
!	bar
!	THERE
	THERE
!	bar
!	THERE
	THERE
!	bar
!	THERE
	THERE
!	bar
!	THERE
	THERE
!	bar
!	THERE
	THERE
!	bar
!	THERE
	THERE
!	bar
!	THERE
	THERE
!	bar
!	THERE
	THERE
!	bar
!	THERE
	THERE
!	bar
!	THERE
	THERE
!	bar
!	THERE
	THERE
!	bar
!	THERE
	THERE
!	bar
!	THERE
	THERE
!	bar
!	THERE
	THERE
!	bar
!	THERE
	THERE
!	bar
!	THERE
	THERE
!	bar
!	THERE
	THERE
!	bar
!	THERE
	THERE
!	bar
!	THERE
	THERE
!	bar
!	THERE
	THERE
!	bar
!	THERE
	THERE
!	bar
!	THERE
	THERE
!	bar
!	THERE
	THERE
!	bar
!	THERE
	THERE
!	bar
!	THERE
	THERE
!	bar
!	THERE
	THERE
!	bar
!	THERE
	THERE
!	bar
!	THERE
	THERE
!	bar
!	THERE
	THERE
!	bar
!	THERE
	THERE
!	bar
!	THERE
	THERE
!	bar
!	THERE
	THERE
!	bar
!	THERE
	THERE
!	bar
!	THERE
	THERE
!	bar
!	THERE
	THERE
!	bar
!	THERE
	THERE
!	bar
!	THERE
	THERE
!	bar
!	THERE
	THERE
!	bar
!	THERE
	THERE
!	bar
!	THERE
	THERE
!	bar
!	THERE
	THERE
!	bar
!	THERE
	THERE
!	bar
!	THERE
	THERE
!	bar
!	THERE
	THERE
!	bar
!	THERE
	THERE
!	bar
!	THERE
	THERE
!	bar
!	THERE
	THERE
!	bar
!	THERE
	THERE
!	bar
!	THERE
	THERE
!	bar
!	THERE
	THERE
!	bar
!	THERE
	THERE
!	bar
!	THERE
	THERE
!	bar
!	THERE
	THERE
!	bar
!	THERE
	THERE
!	bar
!	THERE
	THERE
!	bar
!	THERE
	THERE
!	bar
!	THERE
	THERE
!	bar
!	THERE
	THERE
!	bar
!	THERE
	THERE
!	bar
!	THERE
	THERE
!	bar
!	THERE
	THERE
!	bar
!	THERE
	THERE
!	bar
!	THERE
	THERE
!	bar
!	THERE
	THERE
!	bar
!	THERE
	THERE
!	bar
!	THERE
	THERE
!	bar
!	THERE
	THERE
!	bar
!	THERE
	THERE
!	bar
!	THERE
	THERE
!	bar
!	THERE
	THERE
!	bar
!	THERE
	THERE
!	bar
!	THERE
	THERE
!	bar
!	THERE
	THERE
!	bar
!	THERE
	THERE
!	bar
!	THERE
	THERE
!	bar
!	THERE
	THERE
!	bar
!	THERE
	THERE
!	bar
!	THERE
	THERE
!	bar
!	THERE
	THERE
!	bar
!	THERE
	THERE
!	bar
!	THERE
	THERE
!	bar
!	THERE
	THERE
!	bar
!	THERE
	THERE
!	bar
!	THERE
	THERE
!	bar
!	THERE
	THERE
!	bar
!	THERE
	THERE
!	bar
!	THERE
	THERE
!	bar
!	THERE
	THERE
!	bar
!	THERE
	THERE
!	bar
!	THERE
	THERE
!	bar
!	THERE
	THERE
!	bar
!	THERE
	THERE
!	bar
!	THERE
	THERE
!	bar
!	THERE
	THERE
!	bar
!	THERE
	THERE
!	bar
!	THERE
	THERE
!	bar
!	THERE
	THERE
!	bar
!	THERE
	THERE
!	bar
!	THERE
	THERE
!	bar
!	THERE
	THERE
!	bar
!	THERE
	THERE
!	bar
!	THERE
	THERE
!	bar
!	THERE
	THERE
!	bar
!	THERE
	THERE
!	bar
!	THERE
	THERE
!	bar
!	THERE
	THERE
!	bar
!	THERE
	THERE
!	bar
!	THERE
	THERE
!	bar
!	THERE
	THERE
!	bar
!	THERE
	THERE
!	bar
!	THERE
	THERE
!	bar
!	THERE
	THERE
!	bar
!	THERE
	THERE
!	bar
!	THERE
	THERE
!	bar
!	THERE
	THERE
!	bar
!	THERE
	THERE
!	bar
!	THERE
	THERE
!	bar
!	THERE
	THERE
!	bar
!	THERE
	THERE
!	bar
!	THERE
	THERE
!	bar
!	THERE
	THERE
!	bar
!	THERE
	THERE
!	bar
!	THERE
	THERE
!	bar
!	THERE
	THERE
!	bar
!	THERE
	THERE
!	bar
!	THERE
	THERE
!	bar
!	THERE
	THERE
!	bar
!	THERE
	THERE
!	bar
!	THERE
	THERE
!	bar
!	THERE
	THERE
!	bar
!	THERE
	THERE
!	bar
!	THERE
	THERE
!	bar
!	THERE
	THERE
!	bar
!	THERE
	THERE
!	bar
!	THERE
	THERE
!	bar
!	THERE
	THERE
!	bar
!	THERE
	THERE
!	bar
!	THERE
	THERE
!	bar
!	THERE
	THERE
!	bar
!	THERE
	THERE
!	bar
!	THERE
	THERE
!	bar
!	THERE
	THERE
!	bar
!	THERE
	THERE
!	bar
!	THERE
	THERE
!	bar
!	THERE
	THERE
!	bar
!	THERE
	THERE
!	bar
!	THERE
	THERE
!	bar
!	THERE
	THERE
!	bar
!	THERE
	THERE
!	bar
!	THERE
	THERE
!	bar
!	THERE
	THERE
!	bar
!	THERE
	THERE
!	bar
!	THERE
	THERE
!	bar
!	THERE
	THERE
!	bar
!	THERE
	THERE
!	bar
!	THERE
	THERE
!	bar
!	THERE
	THERE
!	bar
!	THERE
	THERE
!	bar
!	THERE
	THERE
!	bar
!	THERE
	THERE
!	bar
!	THERE
	THERE
!	bar
!	THERE
	THERE
!	bar
!	THERE
	THERE
!	bar
!	THERE
	THERE
!	bar
!	THERE
	THERE
!	bar
!	THERE
	THERE
!	bar
!	THERE
	THERE
!	bar
!	THERE
	THERE
!	bar
!	THERE
	THERE
!	bar
!	THERE
	THERE
!	bar
!	THERE
	THERE
!	bar
!	THERE
	THERE
!	bar
!	THERE
	THERE
!	bar
!	THERE
	THERE
!	bar
!	THERE
	THERE
!	bar
!	THERE
	THERE
!	bar
!	THERE
	THERE
!	bar
!	THERE
	THERE
!	bar
!	THERE
	THERE
!	bar
!	THERE
	THERE
!	bar
!	THERE
	THERE
!	bar
!	THERE
	THERE
!	bar
!	THERE
	THERE
!	bar
!	THERE
	THERE
!	bar
!	THERE
	THERE
!	bar
!	THERE
	THERE
!	bar
!	THERE
	THERE
!	bar
!	THERE
	THERE
!	bar
!	THERE
	THERE
!	bar
!	THERE
	THERE
!	bar
!	THERE
	THERE
!	bar
!	THERE
	THERE
!	bar
!	THERE
	THERE
!	bar
!	THERE
	THERE
!	bar
!	THERE
	THERE
!	bar
!	THERE
	THERE
!	bar
!	THERE
	THERE
!	bar
!	THERE
	THERE
!	bar
!	THERE
	THERE
!	bar
!	THERE
	THERE
!	bar
!	THERE
	THERE
!	bar
!	THERE
	THERE
!	bar
!	THERE
	THERE
!	bar
!	THERE
	THERE
!	bar
!	THERE
	THERE
!	bar
!	THERE
	THERE
!	bar
!	THERE
	THERE
!	bar
!	THERE
	THERE
!	bar
!	THERE
	THERE
!	bar
!	THERE
	THERE
!	bar
!	THERE
	THERE
!	bar
!	THERE
	THERE
!	bar
!	THERE
	THERE
!	bar
!	THERE
	THERE
!	bar
!	THERE
	THERE
!	bar
!	THERE
	THERE
!	bar
!	THERE
	THERE
!	bar
!	THERE
	THERE
!	bar
!	THERE
	THERE
!	bar
!	THERE
	THERE
!	bar
!	THERE
	THERE
!	bar
!	THERE
	THERE
!	bar
!	THERE
	THERE
!	bar
!	THERE
	THERE
!	bar
!	THERE
	THERE
!	bar
!	THERE
	THERE
!	bar
!	THERE
	THERE
!	bar
!	THERE
	THERE
!	bar
!	THERE
	THERE
!	bar
!	THERE
	THERE
!	bar
!	THERE
	THERE
!	bar
!	THERE
	THERE
!	bar
!	THERE
	THERE
!	bar
!	THERE
	THERE
!	bar
!	THERE
	THERE
!	bar
!	THERE
	THERE
!	bar
!	THERE
	THERE
!	bar
!	THERE
	THERE
!	bar
!	THERE
	THERE
!	bar
!	THERE
	THERE
!	bar
!	THERE
	THERE
!	bar
!	THERE
	THERE
!	bar
!	THERE
	THERE
!	bar
!	THERE
	THERE
!	bar
!	THERE
	THERE
!	bar
!	THERE
	THERE
!	bar
!	THERE
	THERE
!	bar
!	THERE
	THERE
!	bar
!	THERE
	THERE
!	bar
!	THERE
	THERE
!	bar
!	THERE
	THERE
!	bar
!	THERE
	THERE
!	bar
!	THERE
	THERE
!	bar
!	THERE
	THERE
!	bar
!	THERE
	THERE
!	bar
!	THERE
	THERE
!	bar
!	THERE
	THERE
!	bar
!	THERE
	THERE
!	bar
!	THERE
	THERE
!	bar
!	THERE
	THERE
!	bar
!	THERE
	THERE
!	bar
!	THERE
	THERE
!	bar
!	THERE
	THERE
!	bar
!	THERE
	THERE
!	bar
!	THERE
	THERE
!	bar
!	THERE
	THERE
!	bar
!	THERE
	THERE
!	bar
!	THERE
	THERE
!	bar
!	THERE
	THERE
!	bar
!	THERE
	THERE
!	bar
!	THERE
	THERE
!	bar
!	THERE
	THERE
!	bar
!	THERE
	THERE
!	bar
!	THERE
	THERE
!	bar
!	THERE
	THERE
!	bar
!	THERE
	THERE
!	bar
!	THERE
	THERE
!	bar
!	THERE
	THERE
!	bar
!	THERE
	THERE
!	bar
!	THERE
	THERE
!	bar
!	THERE
	THERE
!	bar
!	THERE
	THERE
!	bar
!	THERE
	THERE
!	bar
!	THERE
	THERE
!	bar
!	THERE
	THERE
!	bar
!	THERE
	THERE
!	bar
!	THERE
	THERE
!	bar
!	THERE
	THERE
!	bar
!	THERE
	THERE
!	bar
!	THERE
	THERE
!	bar
!	THERE
	THERE
!	bar
!	THERE
	THERE
!	bar
!	THERE
	THERE
!	bar
!	THERE
	THERE
!	bar
!	THERE
	THERE
!	bar
!	THERE
	THERE
!	bar
!	THERE
	THERE
!	bar
!	THERE
	THERE
!	bar
!	THERE
	THERE
!	bar
!	THERE
	THERE
!	bar
!	THERE
	THERE
!	bar
!	THERE
	THERE
!	bar
!	THERE
	THERE
!	bar
!	THERE
	THERE
!	bar
!	THERE
	THERE
!	bar
!	THERE
	THERE
!	bar
!	THERE
	THERE
!	bar
!	THERE
	THERE
!	bar
!	THERE
	THERE
!	bar
!	THERE
	THERE
!	bar
!	THERE
	THERE
!	bar
!	THERE
	THERE
!	bar
!	THERE
	THERE
!	bar
!	THERE
	THERE
!	bar
!	THERE
	THERE
!	bar
!	THERE
	THERE
!	bar
!	THERE
	THERE
!	bar
!	THERE
	THERE
!	bar
!	THERE
	THERE
!	bar
!	THERE
	THERE
!	bar
!	THERE
	THERE
!	bar
!	THERE
	THERE
!	bar
!	THERE
	THERE
!	bar
!	THERE
	THERE
!	bar
!	THERE
	THERE
!	bar
!	THERE
	THERE
!	bar
!	THERE
	THERE
!	bar
!	THERE
	THERE
!	bar
!	THERE
	THERE
!	bar
!	THERE
	THERE
!	bar
!	THERE
	THERE
!	bar
!	THERE
	THERE
!	bar
!	THERE
	THERE
!	bar
!	THERE
	THERE
!	bar
!	THERE
	THERE
!	bar
!	THERE
	THERE
!	bar
!	THERE
	THERE
!	bar
!	THERE
	THERE
!	bar
!	THERE
	THERE
!	bar
!	THERE
	THERE
!	bar
!	THERE
	THERE
!	bar
!	THERE
	THERE
!	bar
!	THERE
	THERE
!	bar
!	THERE
	THERE
!	bar
!	THERE
	THERE
!	bar
!	THERE
	THERE
!	bar
!	THERE
	THERE
!	bar
!	THERE
	THERE
!	bar
!	THERE
	THERE
!	bar
!	THERE
	THERE
!	bar
!	THERE
	THERE
!	bar
!	THERE
	THERE
!	bar
!	THERE
	THERE
!	bar
!	THERE
	THERE
!	bar
!	THERE
	THERE
!	bar
!	THERE
	THERE
!	bar
!	THERE
	THERE
!	bar
!	THERE
	THERE
!	bar
!	THERE
	THERE
!	bar
!	THERE
	THERE
!	bar
!	THERE
	THERE
!	bar
!	THERE
	THERE
!	bar
!	THERE
	THERE
!	bar
!	THERE
	THERE
!	bar
!	THERE
	THERE
!	bar
!	THERE
	THERE
!	bar
!	THERE
	THERE
!	bar
!	THERE
	THERE
!	bar
!	THERE
	THERE
!	bar
!	THERE
	THERE
!	bar
!	THERE
	THERE
!	bar
!	THERE
	THERE
!	bar
!	THERE
	THERE
!	bar
!	THERE
	THERE
!	bar
!	THERE
	THERE
!	bar
!	THERE
	THERE
!	bar
!	THERE
	THERE
!	bar
!	THERE
	THERE
!	bar
!	THERE
	THERE
!	bar
!	THERE
	THERE
!	bar
!	THERE
	THERE
!	bar
!	THERE
	THERE
!	bar
!	THERE
	THERE
!	bar
!	THERE
	THERE
!	bar
!	THERE
	THERE
!	bar
!	THERE
	THERE
!	bar
!	THERE
	THERE
!	bar
!	THERE
	THERE
!	bar
!	THERE
	THERE
!	bar
!	THERE
	THERE
!	bar
!	THERE
	THERE
!	bar
!	THERE
	THERE
!	bar
!	THERE
	THERE
!	bar
!	THERE
	THERE
!	bar
!	THERE
	THERE
!	bar
!	THERE
	THERE
!	bar
!	THERE
	THERE
!	bar
!	THERE
	THERE
!	bar
!	THERE
	THERE
!	bar
!	THERE
	THERE
!	bar
!	THERE
	THERE
!	bar
!	THERE
	THERE
!	bar
!	THERE
	THERE
!	bar
!	THERE
	THERE
!	bar
!	THERE
	THERE
!	bar
!	THERE
	THERE
!	bar
!	THERE
	THERE
!	bar
!	THERE
	THERE
!	bar
!	THERE
	THERE
!	bar
!	THERE
	THERE
!	bar
!	THERE
	THERE
!	bar
!	THERE
	THERE
!	bar
!	THERE
	THERE
!	bar
!	THERE
	THERE
!	bar
!	THERE
	THERE
!	bar
!	THERE
	THERE
!	bar
!	THERE
	THERE
!	bar
!	THERE
	THERE
!	bar
!	THERE
	THERE
!	bar
!	THERE
	THERE
!	bar
!	THERE
	THERE
!	bar
!	THERE
	THERE
!	bar
!	THERE
	THERE
!	bar
!	THERE
	THERE
!	bar
!	THERE
	THERE
!	bar
!	THERE
	THERE
!	bar
!	THERE
	THERE
!	bar
!	THERE
	THERE
!	bar
!	THERE
	THERE
!	bar
!	THERE
	THERE
!	bar
!	THERE
	THERE
!	bar
!	THERE
	THERE
!	bar
!	THERE
	THERE
!	bar
!	THERE
	THERE
!	bar
!	THERE
	THERE
!	bar
!	THERE
	THERE
!	bar
!	THERE
	THERE
!	bar
!	THERE
	THERE
!	bar
!	THERE
	THERE
!	bar
!	THERE
	THERE
!	bar
!	THERE
	THERE
!	bar
!	THERE
	THERE
!	bar
!	THERE
	THERE
!	bar
!	THERE
	THERE
!	bar
!	THERE
	THERE
!	bar
!	THERE
	THERE
!	bar
!	THERE
	THERE
!	bar
!	THERE
	THERE
!	bar
!	THERE
	THERE
!	bar
!	THERE
	THERE
!	bar
!	THERE
	THERE
!	bar
!	THERE
	THERE
!	bar
!	THERE
	THERE
!	bar
!	THERE
	THERE
!	bar
!	THERE
	THERE
!	bar
!	THERE
	THERE
!	bar
!	THERE
	THERE
!	bar
!	THERE
	THERE
!	bar
!	THERE
	THERE
!	bar
!	THERE
	THERE
!	bar
!	THERE
	THERE
!	bar
!	THERE
	THERE
!	bar
!	THERE
	THERE
!	bar
!	THERE
	THERE
!	bar
!	THERE
	THERE
!	bar
!	THERE
	THERE
!	bar
!	THERE
	THERE
!	bar
!	THERE
	THERE
!	bar
!	THERE
	THERE
!	bar
!	THERE
	THERE
!	bar
!	THERE
	THERE
!	bar
!	THERE
	THERE
!	bar
!	THERE
	THERE
!	bar
!	THERE
	THERE
!	bar
