!

!foo	.DATA	1,2,3
foo:	.long	1,2,3
!bar	.DATA	1,2,3,4,5 ,6
bar:	.long	1,2,3,4,5,6
!	.DATA.B	12345,12,2
	.byte	12345,12,2
!	.DATA.W 9,2,12,3,13+41,foo+9
	.short	9,2,12,3,54,foo+9
!	.DATA.L 2~99
	.long	97
!

!

!

!	.DATAB	1,2,3
	.fill	1,4,2
!	.DATAB	1,2,3
	.fill	1,4,2
!

!

!

!

!	.DATAB	1,9+32
	.fill	1,4,41
!

!	.DATAB.L	1,H'11111111
	.fill	1,4,286331153
!	.DATAB.W	2,H'2222
	.fill	2,2,8738
!	.DATAB.B	3,H'333
	.fill	3,1,819
!

!

!	.END
