!	HI
	HI
!	.INCLUDE	"INC1.H"
!FILE 1 FIRST LINE
FILE:	1 FIRST LINE
!	.INCLUDE	"INC2.H"
!	FILE 2 FIRST LINE
	FILE 2 FIRST LINE
!	FILE 2 LAST LINE
	FILE 2 LAST LINE
!FILE 1 LAST LINE
FILE:	1 LAST LINE
!	THERE
	THERE
!	.END
