!

!

!	.HEADING	" ""QUOTE"" "
	.title	" "QUOTE" "
!	.PAGE
	.eject
!	.PRINT LIST
	.list
!	foo		
	foo		
!	.PRINT NOLIST
	.nolist
!	foo
	foo
!

!

!	.FORM	LIN=12
	.psize 12,132
!	.FORM	COL=90
	.psize 60,90
!	.FORM	LIN=123 COL=23
	.psize 123,23
!	
!	.END
