!

!

!	.ALTERNATE
!

!	! ok
	! ok
!	!! also ok
	!! also ok
!

!foo	MACRO	
!	! you can see me
!	!! but not me
!	! you can see me
!	!! but not me
!	but this "SHOULD !!BE OK"
!	ENDM
!

!	foo
!	! you can see me
	! you can see me
!	
!	! you can see me
	! you can see me
!	
!	but this "SHOULD !!BE OK"
	but this "SHOULD !!BE OK"
!

!

!define 	MACRO	val1,val2
!	DB 	val1	! this comment will show up 
!	DB	val2	!! this on won't
!	ENDM
!

!	define	0,1
!	DB 	0	! this comment will show up 
	.byte	0! this comment will show up 
!	DB	1	
	.byte	1
!

!

!	END
