!

!     .sdata "v1.0000"
	.byte	118,49,46,48,48,48,48
!     .end
