!	.AREPEAT	5
!	FIVE
!	.AREPEAT	2
!	TWO
!	.AENDR
!	.AREPEAT	3
!	THREE
!	.AREPEAT	2
!	TWO	
!	.AENDR
!	.AENDR
!	.AENDR
!	FIVE
	FIVE
!	.AREPEAT	2
!	TWO
!	.AENDR
!	TWO
	TWO
!	.AREPEAT	1
!	TWO
!	.AENDR
!	TWO
	TWO
!	.AREPEAT	3
!	THREE
!	.AREPEAT	2
!	TWO	
!	.AENDR
!	.AENDR
!	THREE
	THREE
!	.AREPEAT	2
!	TWO	
!	.AENDR
!	TWO	
	TWO	
!	.AREPEAT	1
!	TWO	
!	.AENDR
!	TWO	
	TWO	
!	.AREPEAT	2
!	THREE
!	.AREPEAT	2
!	TWO	
!	.AENDR
!	.AENDR
!	THREE
	THREE
!	.AREPEAT	2
!	TWO	
!	.AENDR
!	TWO	
	TWO	
!	.AREPEAT	1
!	TWO	
!	.AENDR
!	TWO	
	TWO	
!	.AREPEAT	1
!	THREE
!	.AREPEAT	2
!	TWO	
!	.AENDR
!	.AENDR
!	THREE
	THREE
!	.AREPEAT	2
!	TWO	
!	.AENDR
!	TWO	
	TWO	
!	.AREPEAT	1
!	TWO	
!	.AENDR
!	TWO	
	TWO	
!	.AREPEAT	4
!	FIVE
!	.AREPEAT	2
!	TWO
!	.AENDR
!	.AREPEAT	3
!	THREE
!	.AREPEAT	2
!	TWO	
!	.AENDR
!	.AENDR
!	.AENDR
!	FIVE
	FIVE
!	.AREPEAT	2
!	TWO
!	.AENDR
!	TWO
	TWO
!	.AREPEAT	1
!	TWO
!	.AENDR
!	TWO
	TWO
!	.AREPEAT	3
!	THREE
!	.AREPEAT	2
!	TWO	
!	.AENDR
!	.AENDR
!	THREE
	THREE
!	.AREPEAT	2
!	TWO	
!	.AENDR
!	TWO	
	TWO	
!	.AREPEAT	1
!	TWO	
!	.AENDR
!	TWO	
	TWO	
!	.AREPEAT	2
!	THREE
!	.AREPEAT	2
!	TWO	
!	.AENDR
!	.AENDR
!	THREE
	THREE
!	.AREPEAT	2
!	TWO	
!	.AENDR
!	TWO	
	TWO	
!	.AREPEAT	1
!	TWO	
!	.AENDR
!	TWO	
	TWO	
!	.AREPEAT	1
!	THREE
!	.AREPEAT	2
!	TWO	
!	.AENDR
!	.AENDR
!	THREE
	THREE
!	.AREPEAT	2
!	TWO	
!	.AENDR
!	TWO	
	TWO	
!	.AREPEAT	1
!	TWO	
!	.AENDR
!	TWO	
	TWO	
!	.AREPEAT	3
!	FIVE
!	.AREPEAT	2
!	TWO
!	.AENDR
!	.AREPEAT	3
!	THREE
!	.AREPEAT	2
!	TWO	
!	.AENDR
!	.AENDR
!	.AENDR
!	FIVE
	FIVE
!	.AREPEAT	2
!	TWO
!	.AENDR
!	TWO
	TWO
!	.AREPEAT	1
!	TWO
!	.AENDR
!	TWO
	TWO
!	.AREPEAT	3
!	THREE
!	.AREPEAT	2
!	TWO	
!	.AENDR
!	.AENDR
!	THREE
	THREE
!	.AREPEAT	2
!	TWO	
!	.AENDR
!	TWO	
	TWO	
!	.AREPEAT	1
!	TWO	
!	.AENDR
!	TWO	
	TWO	
!	.AREPEAT	2
!	THREE
!	.AREPEAT	2
!	TWO	
!	.AENDR
!	.AENDR
!	THREE
	THREE
!	.AREPEAT	2
!	TWO	
!	.AENDR
!	TWO	
	TWO	
!	.AREPEAT	1
!	TWO	
!	.AENDR
!	TWO	
	TWO	
!	.AREPEAT	1
!	THREE
!	.AREPEAT	2
!	TWO	
!	.AENDR
!	.AENDR
!	THREE
	THREE
!	.AREPEAT	2
!	TWO	
!	.AENDR
!	TWO	
	TWO	
!	.AREPEAT	1
!	TWO	
!	.AENDR
!	TWO	
	TWO	
!	.AREPEAT	2
!	FIVE
!	.AREPEAT	2
!	TWO
!	.AENDR
!	.AREPEAT	3
!	THREE
!	.AREPEAT	2
!	TWO	
!	.AENDR
!	.AENDR
!	.AENDR
!	FIVE
	FIVE
!	.AREPEAT	2
!	TWO
!	.AENDR
!	TWO
	TWO
!	.AREPEAT	1
!	TWO
!	.AENDR
!	TWO
	TWO
!	.AREPEAT	3
!	THREE
!	.AREPEAT	2
!	TWO	
!	.AENDR
!	.AENDR
!	THREE
	THREE
!	.AREPEAT	2
!	TWO	
!	.AENDR
!	TWO	
	TWO	
!	.AREPEAT	1
!	TWO	
!	.AENDR
!	TWO	
	TWO	
!	.AREPEAT	2
!	THREE
!	.AREPEAT	2
!	TWO	
!	.AENDR
!	.AENDR
!	THREE
	THREE
!	.AREPEAT	2
!	TWO	
!	.AENDR
!	TWO	
	TWO	
!	.AREPEAT	1
!	TWO	
!	.AENDR
!	TWO	
	TWO	
!	.AREPEAT	1
!	THREE
!	.AREPEAT	2
!	TWO	
!	.AENDR
!	.AENDR
!	THREE
	THREE
!	.AREPEAT	2
!	TWO	
!	.AENDR
!	TWO	
	TWO	
!	.AREPEAT	1
!	TWO	
!	.AENDR
!	TWO	
	TWO	
!	.AREPEAT	1
!	FIVE
!	.AREPEAT	2
!	TWO
!	.AENDR
!	.AREPEAT	3
!	THREE
!	.AREPEAT	2
!	TWO	
!	.AENDR
!	.AENDR
!	.AENDR
!	FIVE
	FIVE
!	.AREPEAT	2
!	TWO
!	.AENDR
!	TWO
	TWO
!	.AREPEAT	1
!	TWO
!	.AENDR
!	TWO
	TWO
!	.AREPEAT	3
!	THREE
!	.AREPEAT	2
!	TWO	
!	.AENDR
!	.AENDR
!	THREE
	THREE
!	.AREPEAT	2
!	TWO	
!	.AENDR
!	TWO	
	TWO	
!	.AREPEAT	1
!	TWO	
!	.AENDR
!	TWO	
	TWO	
!	.AREPEAT	2
!	THREE
!	.AREPEAT	2
!	TWO	
!	.AENDR
!	.AENDR
!	THREE
	THREE
!	.AREPEAT	2
!	TWO	
!	.AENDR
!	TWO	
	TWO	
!	.AREPEAT	1
!	TWO	
!	.AENDR
!	TWO	
	TWO	
!	.AREPEAT	1
!	THREE
!	.AREPEAT	2
!	TWO	
!	.AENDR
!	.AENDR
!	THREE
	THREE
!	.AREPEAT	2
!	TWO	
!	.AENDR
!	TWO	
	TWO	
!	.AREPEAT	1
!	TWO	
!	.AENDR
!	TWO	
	TWO	
!	.END
