!

!	.AREPEAT	5
!	.AENDR		
!	.AREPEAT	4
!	.AENDR
!	.AREPEAT	3
!	.AENDR
!	.AREPEAT	2
!	.AENDR
!	.AREPEAT	1
!	.AENDR
!	.AENDR
!	.END
