!	.AREPEAT	4
!	.AREPEAT	4
!	.AREPEAT	4
!	.AREPEAT	4
!	stuff
!	.AENDR		
!	which
!	.AENDR	
!	will
!	.AENDR	
!	get
!	.AENDR	
!	.AREPEAT	4
!	.AREPEAT	4
!	.AREPEAT	4
!	stuff
!	.AENDR		
!	which
!	.AENDR	
!	will
!	.AENDR	
!	.AREPEAT	4
!	.AREPEAT	4
!	stuff
!	.AENDR		
!	which
!	.AENDR	
!	.AREPEAT	4
!	stuff
!	.AENDR		
!	stuff
	stuff
!	.AREPEAT	3
!	stuff
!	.AENDR
!	stuff
	stuff
!	.AREPEAT	2
!	stuff
!	.AENDR
!	stuff
	stuff
!	.AREPEAT	1
!	stuff
!	.AENDR
!	stuff
	stuff
!	which
	which
!	.AREPEAT	3
!	.AREPEAT	4
!	stuff
!	.AENDR		
!	which
!	.AENDR
!	.AREPEAT	4
!	stuff
!	.AENDR		
!	stuff
	stuff
!	.AREPEAT	3
!	stuff
!	.AENDR
!	stuff
	stuff
!	.AREPEAT	2
!	stuff
!	.AENDR
!	stuff
	stuff
!	.AREPEAT	1
!	stuff
!	.AENDR
!	stuff
	stuff
!	which
	which
!	.AREPEAT	2
!	.AREPEAT	4
!	stuff
!	.AENDR		
!	which
!	.AENDR
!	.AREPEAT	4
!	stuff
!	.AENDR		
!	stuff
	stuff
!	.AREPEAT	3
!	stuff
!	.AENDR
!	stuff
	stuff
!	.AREPEAT	2
!	stuff
!	.AENDR
!	stuff
	stuff
!	.AREPEAT	1
!	stuff
!	.AENDR
!	stuff
	stuff
!	which
	which
!	.AREPEAT	1
!	.AREPEAT	4
!	stuff
!	.AENDR		
!	which
!	.AENDR
!	.AREPEAT	4
!	stuff
!	.AENDR		
!	stuff
	stuff
!	.AREPEAT	3
!	stuff
!	.AENDR
!	stuff
	stuff
!	.AREPEAT	2
!	stuff
!	.AENDR
!	stuff
	stuff
!	.AREPEAT	1
!	stuff
!	.AENDR
!	stuff
	stuff
!	which
	which
!	will
	will
!	.AREPEAT	3
!	.AREPEAT	4
!	.AREPEAT	4
!	stuff
!	.AENDR		
!	which
!	.AENDR	
!	will
!	.AENDR
!	.AREPEAT	4
!	.AREPEAT	4
!	stuff
!	.AENDR		
!	which
!	.AENDR	
!	.AREPEAT	4
!	stuff
!	.AENDR		
!	stuff
	stuff
!	.AREPEAT	3
!	stuff
!	.AENDR
!	stuff
	stuff
!	.AREPEAT	2
!	stuff
!	.AENDR
!	stuff
	stuff
!	.AREPEAT	1
!	stuff
!	.AENDR
!	stuff
	stuff
!	which
	which
!	.AREPEAT	3
!	.AREPEAT	4
!	stuff
!	.AENDR		
!	which
!	.AENDR
!	.AREPEAT	4
!	stuff
!	.AENDR		
!	stuff
	stuff
!	.AREPEAT	3
!	stuff
!	.AENDR
!	stuff
	stuff
!	.AREPEAT	2
!	stuff
!	.AENDR
!	stuff
	stuff
!	.AREPEAT	1
!	stuff
!	.AENDR
!	stuff
	stuff
!	which
	which
!	.AREPEAT	2
!	.AREPEAT	4
!	stuff
!	.AENDR		
!	which
!	.AENDR
!	.AREPEAT	4
!	stuff
!	.AENDR		
!	stuff
	stuff
!	.AREPEAT	3
!	stuff
!	.AENDR
!	stuff
	stuff
!	.AREPEAT	2
!	stuff
!	.AENDR
!	stuff
	stuff
!	.AREPEAT	1
!	stuff
!	.AENDR
!	stuff
	stuff
!	which
	which
!	.AREPEAT	1
!	.AREPEAT	4
!	stuff
!	.AENDR		
!	which
!	.AENDR
!	.AREPEAT	4
!	stuff
!	.AENDR		
!	stuff
	stuff
!	.AREPEAT	3
!	stuff
!	.AENDR
!	stuff
	stuff
!	.AREPEAT	2
!	stuff
!	.AENDR
!	stuff
	stuff
!	.AREPEAT	1
!	stuff
!	.AENDR
!	stuff
	stuff
!	which
	which
!	will
	will
!	.AREPEAT	2
!	.AREPEAT	4
!	.AREPEAT	4
!	stuff
!	.AENDR		
!	which
!	.AENDR	
!	will
!	.AENDR
!	.AREPEAT	4
!	.AREPEAT	4
!	stuff
!	.AENDR		
!	which
!	.AENDR	
!	.AREPEAT	4
!	stuff
!	.AENDR		
!	stuff
	stuff
!	.AREPEAT	3
!	stuff
!	.AENDR
!	stuff
	stuff
!	.AREPEAT	2
!	stuff
!	.AENDR
!	stuff
	stuff
!	.AREPEAT	1
!	stuff
!	.AENDR
!	stuff
	stuff
!	which
	which
!	.AREPEAT	3
!	.AREPEAT	4
!	stuff
!	.AENDR		
!	which
!	.AENDR
!	.AREPEAT	4
!	stuff
!	.AENDR		
!	stuff
	stuff
!	.AREPEAT	3
!	stuff
!	.AENDR
!	stuff
	stuff
!	.AREPEAT	2
!	stuff
!	.AENDR
!	stuff
	stuff
!	.AREPEAT	1
!	stuff
!	.AENDR
!	stuff
	stuff
!	which
	which
!	.AREPEAT	2
!	.AREPEAT	4
!	stuff
!	.AENDR		
!	which
!	.AENDR
!	.AREPEAT	4
!	stuff
!	.AENDR		
!	stuff
	stuff
!	.AREPEAT	3
!	stuff
!	.AENDR
!	stuff
	stuff
!	.AREPEAT	2
!	stuff
!	.AENDR
!	stuff
	stuff
!	.AREPEAT	1
!	stuff
!	.AENDR
!	stuff
	stuff
!	which
	which
!	.AREPEAT	1
!	.AREPEAT	4
!	stuff
!	.AENDR		
!	which
!	.AENDR
!	.AREPEAT	4
!	stuff
!	.AENDR		
!	stuff
	stuff
!	.AREPEAT	3
!	stuff
!	.AENDR
!	stuff
	stuff
!	.AREPEAT	2
!	stuff
!	.AENDR
!	stuff
	stuff
!	.AREPEAT	1
!	stuff
!	.AENDR
!	stuff
	stuff
!	which
	which
!	will
	will
!	.AREPEAT	1
!	.AREPEAT	4
!	.AREPEAT	4
!	stuff
!	.AENDR		
!	which
!	.AENDR	
!	will
!	.AENDR
!	.AREPEAT	4
!	.AREPEAT	4
!	stuff
!	.AENDR		
!	which
!	.AENDR	
!	.AREPEAT	4
!	stuff
!	.AENDR		
!	stuff
	stuff
!	.AREPEAT	3
!	stuff
!	.AENDR
!	stuff
	stuff
!	.AREPEAT	2
!	stuff
!	.AENDR
!	stuff
	stuff
!	.AREPEAT	1
!	stuff
!	.AENDR
!	stuff
	stuff
!	which
	which
!	.AREPEAT	3
!	.AREPEAT	4
!	stuff
!	.AENDR		
!	which
!	.AENDR
!	.AREPEAT	4
!	stuff
!	.AENDR		
!	stuff
	stuff
!	.AREPEAT	3
!	stuff
!	.AENDR
!	stuff
	stuff
!	.AREPEAT	2
!	stuff
!	.AENDR
!	stuff
	stuff
!	.AREPEAT	1
!	stuff
!	.AENDR
!	stuff
	stuff
!	which
	which
!	.AREPEAT	2
!	.AREPEAT	4
!	stuff
!	.AENDR		
!	which
!	.AENDR
!	.AREPEAT	4
!	stuff
!	.AENDR		
!	stuff
	stuff
!	.AREPEAT	3
!	stuff
!	.AENDR
!	stuff
	stuff
!	.AREPEAT	2
!	stuff
!	.AENDR
!	stuff
	stuff
!	.AREPEAT	1
!	stuff
!	.AENDR
!	stuff
	stuff
!	which
	which
!	.AREPEAT	1
!	.AREPEAT	4
!	stuff
!	.AENDR		
!	which
!	.AENDR
!	.AREPEAT	4
!	stuff
!	.AENDR		
!	stuff
	stuff
!	.AREPEAT	3
!	stuff
!	.AENDR
!	stuff
	stuff
!	.AREPEAT	2
!	stuff
!	.AENDR
!	stuff
	stuff
!	.AREPEAT	1
!	stuff
!	.AENDR
!	stuff
	stuff
!	which
	which
!	will
	will
!	get
	get
!	.AREPEAT	3
!	.AREPEAT	4
!	.AREPEAT	4
!	.AREPEAT	4
!	stuff
!	.AENDR		
!	which
!	.AENDR	
!	will
!	.AENDR	
!	get
!	.AENDR
!	.AREPEAT	4
!	.AREPEAT	4
!	.AREPEAT	4
!	stuff
!	.AENDR		
!	which
!	.AENDR	
!	will
!	.AENDR	
!	.AREPEAT	4
!	.AREPEAT	4
!	stuff
!	.AENDR		
!	which
!	.AENDR	
!	.AREPEAT	4
!	stuff
!	.AENDR		
!	stuff
	stuff
!	.AREPEAT	3
!	stuff
!	.AENDR
!	stuff
	stuff
!	.AREPEAT	2
!	stuff
!	.AENDR
!	stuff
	stuff
!	.AREPEAT	1
!	stuff
!	.AENDR
!	stuff
	stuff
!	which
	which
!	.AREPEAT	3
!	.AREPEAT	4
!	stuff
!	.AENDR		
!	which
!	.AENDR
!	.AREPEAT	4
!	stuff
!	.AENDR		
!	stuff
	stuff
!	.AREPEAT	3
!	stuff
!	.AENDR
!	stuff
	stuff
!	.AREPEAT	2
!	stuff
!	.AENDR
!	stuff
	stuff
!	.AREPEAT	1
!	stuff
!	.AENDR
!	stuff
	stuff
!	which
	which
!	.AREPEAT	2
!	.AREPEAT	4
!	stuff
!	.AENDR		
!	which
!	.AENDR
!	.AREPEAT	4
!	stuff
!	.AENDR		
!	stuff
	stuff
!	.AREPEAT	3
!	stuff
!	.AENDR
!	stuff
	stuff
!	.AREPEAT	2
!	stuff
!	.AENDR
!	stuff
	stuff
!	.AREPEAT	1
!	stuff
!	.AENDR
!	stuff
	stuff
!	which
	which
!	.AREPEAT	1
!	.AREPEAT	4
!	stuff
!	.AENDR		
!	which
!	.AENDR
!	.AREPEAT	4
!	stuff
!	.AENDR		
!	stuff
	stuff
!	.AREPEAT	3
!	stuff
!	.AENDR
!	stuff
	stuff
!	.AREPEAT	2
!	stuff
!	.AENDR
!	stuff
	stuff
!	.AREPEAT	1
!	stuff
!	.AENDR
!	stuff
	stuff
!	which
	which
!	will
	will
!	.AREPEAT	3
!	.AREPEAT	4
!	.AREPEAT	4
!	stuff
!	.AENDR		
!	which
!	.AENDR	
!	will
!	.AENDR
!	.AREPEAT	4
!	.AREPEAT	4
!	stuff
!	.AENDR		
!	which
!	.AENDR	
!	.AREPEAT	4
!	stuff
!	.AENDR		
!	stuff
	stuff
!	.AREPEAT	3
!	stuff
!	.AENDR
!	stuff
	stuff
!	.AREPEAT	2
!	stuff
!	.AENDR
!	stuff
	stuff
!	.AREPEAT	1
!	stuff
!	.AENDR
!	stuff
	stuff
!	which
	which
!	.AREPEAT	3
!	.AREPEAT	4
!	stuff
!	.AENDR		
!	which
!	.AENDR
!	.AREPEAT	4
!	stuff
!	.AENDR		
!	stuff
	stuff
!	.AREPEAT	3
!	stuff
!	.AENDR
!	stuff
	stuff
!	.AREPEAT	2
!	stuff
!	.AENDR
!	stuff
	stuff
!	.AREPEAT	1
!	stuff
!	.AENDR
!	stuff
	stuff
!	which
	which
!	.AREPEAT	2
!	.AREPEAT	4
!	stuff
!	.AENDR		
!	which
!	.AENDR
!	.AREPEAT	4
!	stuff
!	.AENDR		
!	stuff
	stuff
!	.AREPEAT	3
!	stuff
!	.AENDR
!	stuff
	stuff
!	.AREPEAT	2
!	stuff
!	.AENDR
!	stuff
	stuff
!	.AREPEAT	1
!	stuff
!	.AENDR
!	stuff
	stuff
!	which
	which
!	.AREPEAT	1
!	.AREPEAT	4
!	stuff
!	.AENDR		
!	which
!	.AENDR
!	.AREPEAT	4
!	stuff
!	.AENDR		
!	stuff
	stuff
!	.AREPEAT	3
!	stuff
!	.AENDR
!	stuff
	stuff
!	.AREPEAT	2
!	stuff
!	.AENDR
!	stuff
	stuff
!	.AREPEAT	1
!	stuff
!	.AENDR
!	stuff
	stuff
!	which
	which
!	will
	will
!	.AREPEAT	2
!	.AREPEAT	4
!	.AREPEAT	4
!	stuff
!	.AENDR		
!	which
!	.AENDR	
!	will
!	.AENDR
!	.AREPEAT	4
!	.AREPEAT	4
!	stuff
!	.AENDR		
!	which
!	.AENDR	
!	.AREPEAT	4
!	stuff
!	.AENDR		
!	stuff
	stuff
!	.AREPEAT	3
!	stuff
!	.AENDR
!	stuff
	stuff
!	.AREPEAT	2
!	stuff
!	.AENDR
!	stuff
	stuff
!	.AREPEAT	1
!	stuff
!	.AENDR
!	stuff
	stuff
!	which
	which
!	.AREPEAT	3
!	.AREPEAT	4
!	stuff
!	.AENDR		
!	which
!	.AENDR
!	.AREPEAT	4
!	stuff
!	.AENDR		
!	stuff
	stuff
!	.AREPEAT	3
!	stuff
!	.AENDR
!	stuff
	stuff
!	.AREPEAT	2
!	stuff
!	.AENDR
!	stuff
	stuff
!	.AREPEAT	1
!	stuff
!	.AENDR
!	stuff
	stuff
!	which
	which
!	.AREPEAT	2
!	.AREPEAT	4
!	stuff
!	.AENDR		
!	which
!	.AENDR
!	.AREPEAT	4
!	stuff
!	.AENDR		
!	stuff
	stuff
!	.AREPEAT	3
!	stuff
!	.AENDR
!	stuff
	stuff
!	.AREPEAT	2
!	stuff
!	.AENDR
!	stuff
	stuff
!	.AREPEAT	1
!	stuff
!	.AENDR
!	stuff
	stuff
!	which
	which
!	.AREPEAT	1
!	.AREPEAT	4
!	stuff
!	.AENDR		
!	which
!	.AENDR
!	.AREPEAT	4
!	stuff
!	.AENDR		
!	stuff
	stuff
!	.AREPEAT	3
!	stuff
!	.AENDR
!	stuff
	stuff
!	.AREPEAT	2
!	stuff
!	.AENDR
!	stuff
	stuff
!	.AREPEAT	1
!	stuff
!	.AENDR
!	stuff
	stuff
!	which
	which
!	will
	will
!	.AREPEAT	1
!	.AREPEAT	4
!	.AREPEAT	4
!	stuff
!	.AENDR		
!	which
!	.AENDR	
!	will
!	.AENDR
!	.AREPEAT	4
!	.AREPEAT	4
!	stuff
!	.AENDR		
!	which
!	.AENDR	
!	.AREPEAT	4
!	stuff
!	.AENDR		
!	stuff
	stuff
!	.AREPEAT	3
!	stuff
!	.AENDR
!	stuff
	stuff
!	.AREPEAT	2
!	stuff
!	.AENDR
!	stuff
	stuff
!	.AREPEAT	1
!	stuff
!	.AENDR
!	stuff
	stuff
!	which
	which
!	.AREPEAT	3
!	.AREPEAT	4
!	stuff
!	.AENDR		
!	which
!	.AENDR
!	.AREPEAT	4
!	stuff
!	.AENDR		
!	stuff
	stuff
!	.AREPEAT	3
!	stuff
!	.AENDR
!	stuff
	stuff
!	.AREPEAT	2
!	stuff
!	.AENDR
!	stuff
	stuff
!	.AREPEAT	1
!	stuff
!	.AENDR
!	stuff
	stuff
!	which
	which
!	.AREPEAT	2
!	.AREPEAT	4
!	stuff
!	.AENDR		
!	which
!	.AENDR
!	.AREPEAT	4
!	stuff
!	.AENDR		
!	stuff
	stuff
!	.AREPEAT	3
!	stuff
!	.AENDR
!	stuff
	stuff
!	.AREPEAT	2
!	stuff
!	.AENDR
!	stuff
	stuff
!	.AREPEAT	1
!	stuff
!	.AENDR
!	stuff
	stuff
!	which
	which
!	.AREPEAT	1
!	.AREPEAT	4
!	stuff
!	.AENDR		
!	which
!	.AENDR
!	.AREPEAT	4
!	stuff
!	.AENDR		
!	stuff
	stuff
!	.AREPEAT	3
!	stuff
!	.AENDR
!	stuff
	stuff
!	.AREPEAT	2
!	stuff
!	.AENDR
!	stuff
	stuff
!	.AREPEAT	1
!	stuff
!	.AENDR
!	stuff
	stuff
!	which
	which
!	will
	will
!	get
	get
!	.AREPEAT	2
!	.AREPEAT	4
!	.AREPEAT	4
!	.AREPEAT	4
!	stuff
!	.AENDR		
!	which
!	.AENDR	
!	will
!	.AENDR	
!	get
!	.AENDR
!	.AREPEAT	4
!	.AREPEAT	4
!	.AREPEAT	4
!	stuff
!	.AENDR		
!	which
!	.AENDR	
!	will
!	.AENDR	
!	.AREPEAT	4
!	.AREPEAT	4
!	stuff
!	.AENDR		
!	which
!	.AENDR	
!	.AREPEAT	4
!	stuff
!	.AENDR		
!	stuff
	stuff
!	.AREPEAT	3
!	stuff
!	.AENDR
!	stuff
	stuff
!	.AREPEAT	2
!	stuff
!	.AENDR
!	stuff
	stuff
!	.AREPEAT	1
!	stuff
!	.AENDR
!	stuff
	stuff
!	which
	which
!	.AREPEAT	3
!	.AREPEAT	4
!	stuff
!	.AENDR		
!	which
!	.AENDR
!	.AREPEAT	4
!	stuff
!	.AENDR		
!	stuff
	stuff
!	.AREPEAT	3
!	stuff
!	.AENDR
!	stuff
	stuff
!	.AREPEAT	2
!	stuff
!	.AENDR
!	stuff
	stuff
!	.AREPEAT	1
!	stuff
!	.AENDR
!	stuff
	stuff
!	which
	which
!	.AREPEAT	2
!	.AREPEAT	4
!	stuff
!	.AENDR		
!	which
!	.AENDR
!	.AREPEAT	4
!	stuff
!	.AENDR		
!	stuff
	stuff
!	.AREPEAT	3
!	stuff
!	.AENDR
!	stuff
	stuff
!	.AREPEAT	2
!	stuff
!	.AENDR
!	stuff
	stuff
!	.AREPEAT	1
!	stuff
!	.AENDR
!	stuff
	stuff
!	which
	which
!	.AREPEAT	1
!	.AREPEAT	4
!	stuff
!	.AENDR		
!	which
!	.AENDR
!	.AREPEAT	4
!	stuff
!	.AENDR		
!	stuff
	stuff
!	.AREPEAT	3
!	stuff
!	.AENDR
!	stuff
	stuff
!	.AREPEAT	2
!	stuff
!	.AENDR
!	stuff
	stuff
!	.AREPEAT	1
!	stuff
!	.AENDR
!	stuff
	stuff
!	which
	which
!	will
	will
!	.AREPEAT	3
!	.AREPEAT	4
!	.AREPEAT	4
!	stuff
!	.AENDR		
!	which
!	.AENDR	
!	will
!	.AENDR
!	.AREPEAT	4
!	.AREPEAT	4
!	stuff
!	.AENDR		
!	which
!	.AENDR	
!	.AREPEAT	4
!	stuff
!	.AENDR		
!	stuff
	stuff
!	.AREPEAT	3
!	stuff
!	.AENDR
!	stuff
	stuff
!	.AREPEAT	2
!	stuff
!	.AENDR
!	stuff
	stuff
!	.AREPEAT	1
!	stuff
!	.AENDR
!	stuff
	stuff
!	which
	which
!	.AREPEAT	3
!	.AREPEAT	4
!	stuff
!	.AENDR		
!	which
!	.AENDR
!	.AREPEAT	4
!	stuff
!	.AENDR		
!	stuff
	stuff
!	.AREPEAT	3
!	stuff
!	.AENDR
!	stuff
	stuff
!	.AREPEAT	2
!	stuff
!	.AENDR
!	stuff
	stuff
!	.AREPEAT	1
!	stuff
!	.AENDR
!	stuff
	stuff
!	which
	which
!	.AREPEAT	2
!	.AREPEAT	4
!	stuff
!	.AENDR		
!	which
!	.AENDR
!	.AREPEAT	4
!	stuff
!	.AENDR		
!	stuff
	stuff
!	.AREPEAT	3
!	stuff
!	.AENDR
!	stuff
	stuff
!	.AREPEAT	2
!	stuff
!	.AENDR
!	stuff
	stuff
!	.AREPEAT	1
!	stuff
!	.AENDR
!	stuff
	stuff
!	which
	which
!	.AREPEAT	1
!	.AREPEAT	4
!	stuff
!	.AENDR		
!	which
!	.AENDR
!	.AREPEAT	4
!	stuff
!	.AENDR		
!	stuff
	stuff
!	.AREPEAT	3
!	stuff
!	.AENDR
!	stuff
	stuff
!	.AREPEAT	2
!	stuff
!	.AENDR
!	stuff
	stuff
!	.AREPEAT	1
!	stuff
!	.AENDR
!	stuff
	stuff
!	which
	which
!	will
	will
!	.AREPEAT	2
!	.AREPEAT	4
!	.AREPEAT	4
!	stuff
!	.AENDR		
!	which
!	.AENDR	
!	will
!	.AENDR
!	.AREPEAT	4
!	.AREPEAT	4
!	stuff
!	.AENDR		
!	which
!	.AENDR	
!	.AREPEAT	4
!	stuff
!	.AENDR		
!	stuff
	stuff
!	.AREPEAT	3
!	stuff
!	.AENDR
!	stuff
	stuff
!	.AREPEAT	2
!	stuff
!	.AENDR
!	stuff
	stuff
!	.AREPEAT	1
!	stuff
!	.AENDR
!	stuff
	stuff
!	which
	which
!	.AREPEAT	3
!	.AREPEAT	4
!	stuff
!	.AENDR		
!	which
!	.AENDR
!	.AREPEAT	4
!	stuff
!	.AENDR		
!	stuff
	stuff
!	.AREPEAT	3
!	stuff
!	.AENDR
!	stuff
	stuff
!	.AREPEAT	2
!	stuff
!	.AENDR
!	stuff
	stuff
!	.AREPEAT	1
!	stuff
!	.AENDR
!	stuff
	stuff
!	which
	which
!	.AREPEAT	2
!	.AREPEAT	4
!	stuff
!	.AENDR		
!	which
!	.AENDR
!	.AREPEAT	4
!	stuff
!	.AENDR		
!	stuff
	stuff
!	.AREPEAT	3
!	stuff
!	.AENDR
!	stuff
	stuff
!	.AREPEAT	2
!	stuff
!	.AENDR
!	stuff
	stuff
!	.AREPEAT	1
!	stuff
!	.AENDR
!	stuff
	stuff
!	which
	which
!	.AREPEAT	1
!	.AREPEAT	4
!	stuff
!	.AENDR		
!	which
!	.AENDR
!	.AREPEAT	4
!	stuff
!	.AENDR		
!	stuff
	stuff
!	.AREPEAT	3
!	stuff
!	.AENDR
!	stuff
	stuff
!	.AREPEAT	2
!	stuff
!	.AENDR
!	stuff
	stuff
!	.AREPEAT	1
!	stuff
!	.AENDR
!	stuff
	stuff
!	which
	which
!	will
	will
!	.AREPEAT	1
!	.AREPEAT	4
!	.AREPEAT	4
!	stuff
!	.AENDR		
!	which
!	.AENDR	
!	will
!	.AENDR
!	.AREPEAT	4
!	.AREPEAT	4
!	stuff
!	.AENDR		
!	which
!	.AENDR	
!	.AREPEAT	4
!	stuff
!	.AENDR		
!	stuff
	stuff
!	.AREPEAT	3
!	stuff
!	.AENDR
!	stuff
	stuff
!	.AREPEAT	2
!	stuff
!	.AENDR
!	stuff
	stuff
!	.AREPEAT	1
!	stuff
!	.AENDR
!	stuff
	stuff
!	which
	which
!	.AREPEAT	3
!	.AREPEAT	4
!	stuff
!	.AENDR		
!	which
!	.AENDR
!	.AREPEAT	4
!	stuff
!	.AENDR		
!	stuff
	stuff
!	.AREPEAT	3
!	stuff
!	.AENDR
!	stuff
	stuff
!	.AREPEAT	2
!	stuff
!	.AENDR
!	stuff
	stuff
!	.AREPEAT	1
!	stuff
!	.AENDR
!	stuff
	stuff
!	which
	which
!	.AREPEAT	2
!	.AREPEAT	4
!	stuff
!	.AENDR		
!	which
!	.AENDR
!	.AREPEAT	4
!	stuff
!	.AENDR		
!	stuff
	stuff
!	.AREPEAT	3
!	stuff
!	.AENDR
!	stuff
	stuff
!	.AREPEAT	2
!	stuff
!	.AENDR
!	stuff
	stuff
!	.AREPEAT	1
!	stuff
!	.AENDR
!	stuff
	stuff
!	which
	which
!	.AREPEAT	1
!	.AREPEAT	4
!	stuff
!	.AENDR		
!	which
!	.AENDR
!	.AREPEAT	4
!	stuff
!	.AENDR		
!	stuff
	stuff
!	.AREPEAT	3
!	stuff
!	.AENDR
!	stuff
	stuff
!	.AREPEAT	2
!	stuff
!	.AENDR
!	stuff
	stuff
!	.AREPEAT	1
!	stuff
!	.AENDR
!	stuff
	stuff
!	which
	which
!	will
	will
!	get
	get
!	.AREPEAT	1
!	.AREPEAT	4
!	.AREPEAT	4
!	.AREPEAT	4
!	stuff
!	.AENDR		
!	which
!	.AENDR	
!	will
!	.AENDR	
!	get
!	.AENDR
!	.AREPEAT	4
!	.AREPEAT	4
!	.AREPEAT	4
!	stuff
!	.AENDR		
!	which
!	.AENDR	
!	will
!	.AENDR	
!	.AREPEAT	4
!	.AREPEAT	4
!	stuff
!	.AENDR		
!	which
!	.AENDR	
!	.AREPEAT	4
!	stuff
!	.AENDR		
!	stuff
	stuff
!	.AREPEAT	3
!	stuff
!	.AENDR
!	stuff
	stuff
!	.AREPEAT	2
!	stuff
!	.AENDR
!	stuff
	stuff
!	.AREPEAT	1
!	stuff
!	.AENDR
!	stuff
	stuff
!	which
	which
!	.AREPEAT	3
!	.AREPEAT	4
!	stuff
!	.AENDR		
!	which
!	.AENDR
!	.AREPEAT	4
!	stuff
!	.AENDR		
!	stuff
	stuff
!	.AREPEAT	3
!	stuff
!	.AENDR
!	stuff
	stuff
!	.AREPEAT	2
!	stuff
!	.AENDR
!	stuff
	stuff
!	.AREPEAT	1
!	stuff
!	.AENDR
!	stuff
	stuff
!	which
	which
!	.AREPEAT	2
!	.AREPEAT	4
!	stuff
!	.AENDR		
!	which
!	.AENDR
!	.AREPEAT	4
!	stuff
!	.AENDR		
!	stuff
	stuff
!	.AREPEAT	3
!	stuff
!	.AENDR
!	stuff
	stuff
!	.AREPEAT	2
!	stuff
!	.AENDR
!	stuff
	stuff
!	.AREPEAT	1
!	stuff
!	.AENDR
!	stuff
	stuff
!	which
	which
!	.AREPEAT	1
!	.AREPEAT	4
!	stuff
!	.AENDR		
!	which
!	.AENDR
!	.AREPEAT	4
!	stuff
!	.AENDR		
!	stuff
	stuff
!	.AREPEAT	3
!	stuff
!	.AENDR
!	stuff
	stuff
!	.AREPEAT	2
!	stuff
!	.AENDR
!	stuff
	stuff
!	.AREPEAT	1
!	stuff
!	.AENDR
!	stuff
	stuff
!	which
	which
!	will
	will
!	.AREPEAT	3
!	.AREPEAT	4
!	.AREPEAT	4
!	stuff
!	.AENDR		
!	which
!	.AENDR	
!	will
!	.AENDR
!	.AREPEAT	4
!	.AREPEAT	4
!	stuff
!	.AENDR		
!	which
!	.AENDR	
!	.AREPEAT	4
!	stuff
!	.AENDR		
!	stuff
	stuff
!	.AREPEAT	3
!	stuff
!	.AENDR
!	stuff
	stuff
!	.AREPEAT	2
!	stuff
!	.AENDR
!	stuff
	stuff
!	.AREPEAT	1
!	stuff
!	.AENDR
!	stuff
	stuff
!	which
	which
!	.AREPEAT	3
!	.AREPEAT	4
!	stuff
!	.AENDR		
!	which
!	.AENDR
!	.AREPEAT	4
!	stuff
!	.AENDR		
!	stuff
	stuff
!	.AREPEAT	3
!	stuff
!	.AENDR
!	stuff
	stuff
!	.AREPEAT	2
!	stuff
!	.AENDR
!	stuff
	stuff
!	.AREPEAT	1
!	stuff
!	.AENDR
!	stuff
	stuff
!	which
	which
!	.AREPEAT	2
!	.AREPEAT	4
!	stuff
!	.AENDR		
!	which
!	.AENDR
!	.AREPEAT	4
!	stuff
!	.AENDR		
!	stuff
	stuff
!	.AREPEAT	3
!	stuff
!	.AENDR
!	stuff
	stuff
!	.AREPEAT	2
!	stuff
!	.AENDR
!	stuff
	stuff
!	.AREPEAT	1
!	stuff
!	.AENDR
!	stuff
	stuff
!	which
	which
!	.AREPEAT	1
!	.AREPEAT	4
!	stuff
!	.AENDR		
!	which
!	.AENDR
!	.AREPEAT	4
!	stuff
!	.AENDR		
!	stuff
	stuff
!	.AREPEAT	3
!	stuff
!	.AENDR
!	stuff
	stuff
!	.AREPEAT	2
!	stuff
!	.AENDR
!	stuff
	stuff
!	.AREPEAT	1
!	stuff
!	.AENDR
!	stuff
	stuff
!	which
	which
!	will
	will
!	.AREPEAT	2
!	.AREPEAT	4
!	.AREPEAT	4
!	stuff
!	.AENDR		
!	which
!	.AENDR	
!	will
!	.AENDR
!	.AREPEAT	4
!	.AREPEAT	4
!	stuff
!	.AENDR		
!	which
!	.AENDR	
!	.AREPEAT	4
!	stuff
!	.AENDR		
!	stuff
	stuff
!	.AREPEAT	3
!	stuff
!	.AENDR
!	stuff
	stuff
!	.AREPEAT	2
!	stuff
!	.AENDR
!	stuff
	stuff
!	.AREPEAT	1
!	stuff
!	.AENDR
!	stuff
	stuff
!	which
	which
!	.AREPEAT	3
!	.AREPEAT	4
!	stuff
!	.AENDR		
!	which
!	.AENDR
!	.AREPEAT	4
!	stuff
!	.AENDR		
!	stuff
	stuff
!	.AREPEAT	3
!	stuff
!	.AENDR
!	stuff
	stuff
!	.AREPEAT	2
!	stuff
!	.AENDR
!	stuff
	stuff
!	.AREPEAT	1
!	stuff
!	.AENDR
!	stuff
	stuff
!	which
	which
!	.AREPEAT	2
!	.AREPEAT	4
!	stuff
!	.AENDR		
!	which
!	.AENDR
!	.AREPEAT	4
!	stuff
!	.AENDR		
!	stuff
	stuff
!	.AREPEAT	3
!	stuff
!	.AENDR
!	stuff
	stuff
!	.AREPEAT	2
!	stuff
!	.AENDR
!	stuff
	stuff
!	.AREPEAT	1
!	stuff
!	.AENDR
!	stuff
	stuff
!	which
	which
!	.AREPEAT	1
!	.AREPEAT	4
!	stuff
!	.AENDR		
!	which
!	.AENDR
!	.AREPEAT	4
!	stuff
!	.AENDR		
!	stuff
	stuff
!	.AREPEAT	3
!	stuff
!	.AENDR
!	stuff
	stuff
!	.AREPEAT	2
!	stuff
!	.AENDR
!	stuff
	stuff
!	.AREPEAT	1
!	stuff
!	.AENDR
!	stuff
	stuff
!	which
	which
!	will
	will
!	.AREPEAT	1
!	.AREPEAT	4
!	.AREPEAT	4
!	stuff
!	.AENDR		
!	which
!	.AENDR	
!	will
!	.AENDR
!	.AREPEAT	4
!	.AREPEAT	4
!	stuff
!	.AENDR		
!	which
!	.AENDR	
!	.AREPEAT	4
!	stuff
!	.AENDR		
!	stuff
	stuff
!	.AREPEAT	3
!	stuff
!	.AENDR
!	stuff
	stuff
!	.AREPEAT	2
!	stuff
!	.AENDR
!	stuff
	stuff
!	.AREPEAT	1
!	stuff
!	.AENDR
!	stuff
	stuff
!	which
	which
!	.AREPEAT	3
!	.AREPEAT	4
!	stuff
!	.AENDR		
!	which
!	.AENDR
!	.AREPEAT	4
!	stuff
!	.AENDR		
!	stuff
	stuff
!	.AREPEAT	3
!	stuff
!	.AENDR
!	stuff
	stuff
!	.AREPEAT	2
!	stuff
!	.AENDR
!	stuff
	stuff
!	.AREPEAT	1
!	stuff
!	.AENDR
!	stuff
	stuff
!	which
	which
!	.AREPEAT	2
!	.AREPEAT	4
!	stuff
!	.AENDR		
!	which
!	.AENDR
!	.AREPEAT	4
!	stuff
!	.AENDR		
!	stuff
	stuff
!	.AREPEAT	3
!	stuff
!	.AENDR
!	stuff
	stuff
!	.AREPEAT	2
!	stuff
!	.AENDR
!	stuff
	stuff
!	.AREPEAT	1
!	stuff
!	.AENDR
!	stuff
	stuff
!	which
	which
!	.AREPEAT	1
!	.AREPEAT	4
!	stuff
!	.AENDR		
!	which
!	.AENDR
!	.AREPEAT	4
!	stuff
!	.AENDR		
!	stuff
	stuff
!	.AREPEAT	3
!	stuff
!	.AENDR
!	stuff
	stuff
!	.AREPEAT	2
!	stuff
!	.AENDR
!	stuff
	stuff
!	.AREPEAT	1
!	stuff
!	.AENDR
!	stuff
	stuff
!	which
	which
!	will
	will
!	get
	get
!	repetaed
	repetaed
!	.AENDR	
!

!	.AENDR	
!	.AENDR	
!	.AENDR	
!	.AENDR	
!	.AENDR	
!	.END
