!

!	test for eof in middle of line
	test for eof in middle of line
!	.END
