!

!

!	test
!+continued
!+lines
	testcontinuedlines
!

!

!	.END
