!

!	test base convertions
	test base convertions
!

!	B'1001000
	72
!	Q'210
	136
!	D'136
	136
!	H'88
	136
!

!	FOOB'1001000BAR
	FOOB'1001000BAR
!	FOOQ'210BAR
	FOOQ'210BAR
!	FOOD'136BAR
	FOOD'136BAR
!	FOOH'88BAR
	FOOH'88BAR
!