;	irp	param,arg1,arg2,arg3
;	dc.l	param
;	endr
	dc.l	arg1
	dc.l	arg2
	dc.l	arg3
;	end	quit
	end	quit
