;	rept	3
;	dc.l	1
;	endr
;	dc.l	1
	dc.l	1
;	REPT	2
;	dc.l	1
;	ENDR
;	dc.l	1
	dc.l	1
;	REPT	1
;	dc.l	1
;	ENDR
;	dc.l	1
	dc.l	1
;